
> hr-system@0.0.0 build
> ng build

npm : - Building...
At line:1 char:280
+ ... ry { cd "d:\.Learning\HRSystem\hr-system"; npm run build 2>&1 | Out-F ...
+                                                ~~~~~~~~~~~~~~~~~~
    + CategoryInfo          : NotSpecified: (- Building...:String) [], RemoteException
    + FullyQualifiedErrorId : NativeCommandError
 

ERROR Error [NullInjectorError]: R3InjectorError(Standalone[e])[e -> e -> e -> e -> e]: 
  NullInjectorError: No provider for e!
    at eo.get (file:///D:/.Learning/HRSystem/hr-system/.angular/prerender-root/1ff0858e-d2ee-4d16-bd72-324108270964/chu
nk-7M3X6OQR.mjs:8:1132)
    at Rn.get (file:///D:/.Learning/HRSystem/hr-system/.angular/prerender-root/1ff0858e-d2ee-4d16-bd72-324108270964/chu
nk-7M3X6OQR.mjs:8:10719)
    at Rn.get (file:///D:/.Learning/HRSystem/hr-system/.angular/prerender-root/1ff0858e-d2ee-4d16-bd72-324108270964/chu
nk-7M3X6OQR.mjs:8:10719)
    at Bg (file:///D:/.Learning/HRSystem/hr-system/.angular/prerender-root/1ff0858e-d2ee-4d16-bd72-324108270964/chunk-7
M3X6OQR.mjs:5:2417)
    at z (file:///D:/.Learning/HRSystem/hr-system/.angular/prerender-root/1ff0858e-d2ee-4d16-bd72-324108270964/chunk-7M
3X6OQR.mjs:5:2493)
    at m.ɵfac [as factory] (file:///D:/.Learning/HRSystem/hr-system/.angular/prerender-root/1ff0858e-d2ee-4d16-bd72-324
108270964/chunk-PBINXXJ7.mjs:2:631)
    at Rn.hydrate (file:///D:/.Learning/HRSystem/hr-system/.angular/prerender-root/1ff0858e-d2ee-4d16-bd72-324108270964
/chunk-7M3X6OQR.mjs:8:11515)
    at Rn.get (file:///D:/.Learning/HRSystem/hr-system/.angular/prerender-root/1ff0858e-d2ee-4d16-bd72-324108270964/chu
nk-7M3X6OQR.mjs:8:10635)
    at Rn.get (file:///D:/.Learning/HRSystem/hr-system/.angular/prerender-root/1ff0858e-d2ee-4d16-bd72-324108270964/chu
nk-7M3X6OQR.mjs:8:10719)
    at Rn.get (file:///D:/.Learning/HRSystem/hr-system/.angular/prerender-root/1ff0858e-d2ee-4d16-bd72-324108270964/chu
nk-7M3X6OQR.mjs:8:10719) {
  ngTempTokenPath: null,
  ngTokenPath: [ 'e', 'e', 'e', 'e', 'e' ]
}
ERROR Error [NullInjectorError]: R3InjectorError(Standalone[e])[e -> e -> e -> e]: 
  NullInjectorError: No provider for e!
    at eo.get (file:///D:/.Learning/HRSystem/hr-system/.angular/prerender-root/924f52f6-309e-4506-aa76-6acf1fc942a9/chu
nk-7M3X6OQR.mjs:8:1132)
    at Rn.get (file:///D:/.Learning/HRSystem/hr-system/.angular/prerender-root/924f52f6-309e-4506-aa76-6acf1fc942a9/chu
nk-7M3X6OQR.mjs:8:10719)
    at Rn.get (file:///D:/.Learning/HRSystem/hr-system/.angular/prerender-root/924f52f6-309e-4506-aa76-6acf1fc942a9/chu
nk-7M3X6OQR.mjs:8:10719)
    at Bg (file:///D:/.Learning/HRSystem/hr-system/.angular/prerender-root/924f52f6-309e-4506-aa76-6acf1fc942a9/chunk-7
M3X6OQR.mjs:5:2417)
    at z (file:///D:/.Learning/HRSystem/hr-system/.angular/prerender-root/924f52f6-309e-4506-aa76-6acf1fc942a9/chunk-7M
3X6OQR.mjs:5:2493)
    at Xo.ɵfac [as factory] (file:///D:/.Learning/HRSystem/hr-system/.angular/prerender-root/924f52f6-309e-4506-aa76-6a
cf1fc942a9/chunk-JYBD4GEP.mjs:2:1792)
    at Rn.hydrate (file:///D:/.Learning/HRSystem/hr-system/.angular/prerender-root/924f52f6-309e-4506-aa76-6acf1fc942a9
/chunk-7M3X6OQR.mjs:8:11515)
    at Rn.get (file:///D:/.Learning/HRSystem/hr-system/.angular/prerender-root/924f52f6-309e-4506-aa76-6acf1fc942a9/chu
nk-7M3X6OQR.mjs:8:10635)
    at Rn.get (file:///D:/.Learning/HRSystem/hr-system/.angular/prerender-root/924f52f6-309e-4506-aa76-6acf1fc942a9/chu
nk-7M3X6OQR.mjs:8:10719)
    at ea.get (file:///D:/.Learning/HRSystem/hr-system/.angular/prerender-root/924f52f6-309e-4506-aa76-6acf1fc942a9/chu
nk-7M3X6OQR.mjs:34:10347) {
  ngTempTokenPath: null,
  ngTokenPath: [ 'e', 'e', 'e', 'e' ]
}
ERROR Error [NullInjectorError]: R3InjectorError(Standalone[e])[e -> e -> e -> e -> e]: 
  NullInjectorError: No provider for e!
    at eo.get (file:///D:/.Learning/HRSystem/hr-system/.angular/prerender-root/4154a005-9b25-45a9-ada9-bfabab8f21d1/chu
nk-7M3X6OQR.mjs:8:1132)
    at Rn.get (file:///D:/.Learning/HRSystem/hr-system/.angular/prerender-root/4154a005-9b25-45a9-ada9-bfabab8f21d1/chu
nk-7M3X6OQR.mjs:8:10719)
    at Rn.get (file:///D:/.Learning/HRSystem/hr-system/.angular/prerender-root/4154a005-9b25-45a9-ada9-bfabab8f21d1/chu
nk-7M3X6OQR.mjs:8:10719)
    at Bg (file:///D:/.Learning/HRSystem/hr-system/.angular/prerender-root/4154a005-9b25-45a9-ada9-bfabab8f21d1/chunk-7
M3X6OQR.mjs:5:2417)
    at z (file:///D:/.Learning/HRSystem/hr-system/.angular/prerender-root/4154a005-9b25-45a9-ada9-bfabab8f21d1/chunk-7M
3X6OQR.mjs:5:2493)
    at m.ɵfac [as factory] (file:///D:/.Learning/HRSystem/hr-system/.angular/prerender-root/4154a005-9b25-45a9-ada9-bfa
bab8f21d1/chunk-PBINXXJ7.mjs:2:631)
    at Rn.hydrate (file:///D:/.Learning/HRSystem/hr-system/.angular/prerender-root/4154a005-9b25-45a9-ada9-bfabab8f21d1
/chunk-7M3X6OQR.mjs:8:11515)
    at Rn.get (file:///D:/.Learning/HRSystem/hr-system/.angular/prerender-root/4154a005-9b25-45a9-ada9-bfabab8f21d1/chu
nk-7M3X6OQR.mjs:8:10635)
    at Rn.get (file:///D:/.Learning/HRSystem/hr-system/.angular/prerender-root/4154a005-9b25-45a9-ada9-bfabab8f21d1/chu
nk-7M3X6OQR.mjs:8:10719)
    at Rn.get (file:///D:/.Learning/HRSystem/hr-system/.angular/prerender-root/4154a005-9b25-45a9-ada9-bfabab8f21d1/chu
nk-7M3X6OQR.mjs:8:10719) {
  ngTempTokenPath: null,
  ngTokenPath: [ 'e', 'e', 'e', 'e', 'e' ]
}
ERROR Error [NullInjectorError]: R3InjectorError(Standalone[a])[i -> i -> i -> e -> e]: 
  NullInjectorError: No provider for e!
    at eo.get (file:///D:/.Learning/HRSystem/hr-system/.angular/prerender-root/1ff0858e-d2ee-4d16-bd72-324108270964/chu
nk-7M3X6OQR.mjs:8:1132)
    at Rn.get (file:///D:/.Learning/HRSystem/hr-system/.angular/prerender-root/1ff0858e-d2ee-4d16-bd72-324108270964/chu
nk-7M3X6OQR.mjs:8:10719)
    at Rn.get (file:///D:/.Learning/HRSystem/hr-system/.angular/prerender-root/1ff0858e-d2ee-4d16-bd72-324108270964/chu
nk-7M3X6OQR.mjs:8:10719)
    at Bg (file:///D:/.Learning/HRSystem/hr-system/.angular/prerender-root/1ff0858e-d2ee-4d16-bd72-324108270964/chunk-7
M3X6OQR.mjs:5:2417)
    at z (file:///D:/.Learning/HRSystem/hr-system/.angular/prerender-root/1ff0858e-d2ee-4d16-bd72-324108270964/chunk-7M
3X6OQR.mjs:5:2493)
    at m.ɵfac [as factory] (file:///D:/.Learning/HRSystem/hr-system/.angular/prerender-root/1ff0858e-d2ee-4d16-bd72-324
108270964/chunk-XNWCND2Z.mjs:2:522)
    at Rn.hydrate (file:///D:/.Learning/HRSystem/hr-system/.angular/prerender-root/1ff0858e-d2ee-4d16-bd72-324108270964
/chunk-7M3X6OQR.mjs:8:11515)
    at Rn.get (file:///D:/.Learning/HRSystem/hr-system/.angular/prerender-root/1ff0858e-d2ee-4d16-bd72-324108270964/chu
nk-7M3X6OQR.mjs:8:10635)
    at Rn.get (file:///D:/.Learning/HRSystem/hr-system/.angular/prerender-root/1ff0858e-d2ee-4d16-bd72-324108270964/chu
nk-7M3X6OQR.mjs:8:10719)
    at Rn.get (file:///D:/.Learning/HRSystem/hr-system/.angular/prerender-root/1ff0858e-d2ee-4d16-bd72-324108270964/chu
nk-7M3X6OQR.mjs:8:10719) {
  ngTempTokenPath: null,
  ngTokenPath: [ 'i', 'i', 'i', 'e', 'e' ]
}
ERROR Error [NullInjectorError]: R3InjectorError(Standalone[t])[i -> i -> i -> e -> e]: 
  NullInjectorError: No provider for e!
    at eo.get (file:///D:/.Learning/HRSystem/hr-system/.angular/prerender-root/924f52f6-309e-4506-aa76-6acf1fc942a9/chu
nk-7M3X6OQR.mjs:8:1132)
    at Rn.get (file:///D:/.Learning/HRSystem/hr-system/.angular/prerender-root/924f52f6-309e-4506-aa76-6acf1fc942a9/chu
nk-7M3X6OQR.mjs:8:10719)
    at Rn.get (file:///D:/.Learning/HRSystem/hr-system/.angular/prerender-root/924f52f6-309e-4506-aa76-6acf1fc942a9/chu
nk-7M3X6OQR.mjs:8:10719)
    at Bg (file:///D:/.Learning/HRSystem/hr-system/.angular/prerender-root/924f52f6-309e-4506-aa76-6acf1fc942a9/chunk-7
M3X6OQR.mjs:5:2417)
    at z (file:///D:/.Learning/HRSystem/hr-system/.angular/prerender-root/924f52f6-309e-4506-aa76-6acf1fc942a9/chunk-7M
3X6OQR.mjs:5:2493)
    at m.ɵfac [as factory] (file:///D:/.Learning/HRSystem/hr-system/.angular/prerender-root/924f52f6-309e-4506-aa76-6ac
f1fc942a9/chunk-XNWCND2Z.mjs:2:522)
    at Rn.hydrate (file:///D:/.Learning/HRSystem/hr-system/.angular/prerender-root/924f52f6-309e-4506-aa76-6acf1fc942a9
/chunk-7M3X6OQR.mjs:8:11515)
    at Rn.get (file:///D:/.Learning/HRSystem/hr-system/.angular/prerender-root/924f52f6-309e-4506-aa76-6acf1fc942a9/chu
nk-7M3X6OQR.mjs:8:10635)
    at Rn.get (file:///D:/.Learning/HRSystem/hr-system/.angular/prerender-root/924f52f6-309e-4506-aa76-6acf1fc942a9/chu
nk-7M3X6OQR.mjs:8:10719)
    at Rn.get (file:///D:/.Learning/HRSystem/hr-system/.angular/prerender-root/924f52f6-309e-4506-aa76-6acf1fc942a9/chu
nk-7M3X6OQR.mjs:8:10719) {
  ngTempTokenPath: null,
  ngTokenPath: [ 'i', 'i', 'i', 'e', 'e' ]
}
ERROR Error [NullInjectorError]: R3InjectorError(Standalone[t])[e -> e -> e -> e -> e]: 
  NullInjectorError: No provider for e!
    at eo.get (file:///D:/.Learning/HRSystem/hr-system/.angular/prerender-root/4154a005-9b25-45a9-ada9-bfabab8f21d1/chu
nk-7M3X6OQR.mjs:8:1132)
    at Rn.get (file:///D:/.Learning/HRSystem/hr-system/.angular/prerender-root/4154a005-9b25-45a9-ada9-bfabab8f21d1/chu
nk-7M3X6OQR.mjs:8:10719)
    at Rn.get (file:///D:/.Learning/HRSystem/hr-system/.angular/prerender-root/4154a005-9b25-45a9-ada9-bfabab8f21d1/chu
nk-7M3X6OQR.mjs:8:10719)
    at Bg (file:///D:/.Learning/HRSystem/hr-system/.angular/prerender-root/4154a005-9b25-45a9-ada9-bfabab8f21d1/chunk-7
M3X6OQR.mjs:5:2417)
    at z (file:///D:/.Learning/HRSystem/hr-system/.angular/prerender-root/4154a005-9b25-45a9-ada9-bfabab8f21d1/chunk-7M
3X6OQR.mjs:5:2493)
    at l.ɵfac [as factory] (file:///D:/.Learning/HRSystem/hr-system/.angular/prerender-root/4154a005-9b25-45a9-ada9-bfa
bab8f21d1/chunk-AHNBZT45.mjs:2:494)
    at Rn.hydrate (file:///D:/.Learning/HRSystem/hr-system/.angular/prerender-root/4154a005-9b25-45a9-ada9-bfabab8f21d1
/chunk-7M3X6OQR.mjs:8:11515)
    at Rn.get (file:///D:/.Learning/HRSystem/hr-system/.angular/prerender-root/4154a005-9b25-45a9-ada9-bfabab8f21d1/chu
nk-7M3X6OQR.mjs:8:10635)
    at Rn.get (file:///D:/.Learning/HRSystem/hr-system/.angular/prerender-root/4154a005-9b25-45a9-ada9-bfabab8f21d1/chu
nk-7M3X6OQR.mjs:8:10719)
    at Rn.get (file:///D:/.Learning/HRSystem/hr-system/.angular/prerender-root/4154a005-9b25-45a9-ada9-bfabab8f21d1/chu
nk-7M3X6OQR.mjs:8:10719) {
  ngTempTokenPath: null,
  ngTokenPath: [ 'e', 'e', 'e', 'e', 'e' ]
}
ERROR Error [NullInjectorError]: R3InjectorError(Standalone[m])[i -> i -> i -> e -> e]: 
  NullInjectorError: No provider for e!
    at eo.get (file:///D:/.Learning/HRSystem/hr-system/.angular/prerender-root/2310309f-730c-4233-b787-81fb8b747298/chu
nk-7M3X6OQR.mjs:8:1132)
    at Rn.get (file:///D:/.Learning/HRSystem/hr-system/.angular/prerender-root/2310309f-730c-4233-b787-81fb8b747298/chu
nk-7M3X6OQR.mjs:8:10719)
    at Rn.get (file:///D:/.Learning/HRSystem/hr-system/.angular/prerender-root/2310309f-730c-4233-b787-81fb8b747298/chu
nk-7M3X6OQR.mjs:8:10719)
    at Bg (file:///D:/.Learning/HRSystem/hr-system/.angular/prerender-root/2310309f-730c-4233-b787-81fb8b747298/chunk-7
M3X6OQR.mjs:5:2417)
    at z (file:///D:/.Learning/HRSystem/hr-system/.angular/prerender-root/2310309f-730c-4233-b787-81fb8b747298/chunk-7M
3X6OQR.mjs:5:2493)
    at m.ɵfac [as factory] (file:///D:/.Learning/HRSystem/hr-system/.angular/prerender-root/2310309f-730c-4233-b787-81f
b8b747298/chunk-XNWCND2Z.mjs:2:522)
    at Rn.hydrate (file:///D:/.Learning/HRSystem/hr-system/.angular/prerender-root/2310309f-730c-4233-b787-81fb8b747298
/chunk-7M3X6OQR.mjs:8:11515)
    at Rn.get (file:///D:/.Learning/HRSystem/hr-system/.angular/prerender-root/2310309f-730c-4233-b787-81fb8b747298/chu
nk-7M3X6OQR.mjs:8:10635)
    at Rn.get (file:///D:/.Learning/HRSystem/hr-system/.angular/prerender-root/2310309f-730c-4233-b787-81fb8b747298/chu
nk-7M3X6OQR.mjs:8:10719)
    at Rn.get (file:///D:/.Learning/HRSystem/hr-system/.angular/prerender-root/2310309f-730c-4233-b787-81fb8b747298/chu
nk-7M3X6OQR.mjs:8:10719) {
  ngTempTokenPath: null,
  ngTokenPath: [ 'i', 'i', 'i', 'e', 'e' ]
}
ERROR Error [NullInjectorError]: R3InjectorError(Standalone[t])[r -> r -> r -> e -> e]: 
  NullInjectorError: No provider for e!
    at eo.get (file:///D:/.Learning/HRSystem/hr-system/.angular/prerender-root/924f52f6-309e-4506-aa76-6acf1fc942a9/chu
nk-7M3X6OQR.mjs:8:1132)
    at Rn.get (file:///D:/.Learning/HRSystem/hr-system/.angular/prerender-root/924f52f6-309e-4506-aa76-6acf1fc942a9/chu
nk-7M3X6OQR.mjs:8:10719)
    at Rn.get (file:///D:/.Learning/HRSystem/hr-system/.angular/prerender-root/924f52f6-309e-4506-aa76-6acf1fc942a9/chu
nk-7M3X6OQR.mjs:8:10719)
    at Bg (file:///D:/.Learning/HRSystem/hr-system/.angular/prerender-root/924f52f6-309e-4506-aa76-6acf1fc942a9/chunk-7
M3X6OQR.mjs:5:2417)
    at z (file:///D:/.Learning/HRSystem/hr-system/.angular/prerender-root/924f52f6-309e-4506-aa76-6acf1fc942a9/chunk-7M
3X6OQR.mjs:5:2493)
    at l.ɵfac [as factory] (file:///D:/.Learning/HRSystem/hr-system/.angular/prerender-root/924f52f6-309e-4506-aa76-6ac
f1fc942a9/chunk-IK4LFQBO.mjs:2:577)
    at Rn.hydrate (file:///D:/.Learning/HRSystem/hr-system/.angular/prerender-root/924f52f6-309e-4506-aa76-6acf1fc942a9
/chunk-7M3X6OQR.mjs:8:11515)
    at Rn.get (file:///D:/.Learning/HRSystem/hr-system/.angular/prerender-root/924f52f6-309e-4506-aa76-6acf1fc942a9/chu
nk-7M3X6OQR.mjs:8:10635)
    at Rn.get (file:///D:/.Learning/HRSystem/hr-system/.angular/prerender-root/924f52f6-309e-4506-aa76-6acf1fc942a9/chu
nk-7M3X6OQR.mjs:8:10719)
    at Rn.get (file:///D:/.Learning/HRSystem/hr-system/.angular/prerender-root/924f52f6-309e-4506-aa76-6acf1fc942a9/chu
nk-7M3X6OQR.mjs:8:10719) {
  ngTempTokenPath: null,
  ngTokenPath: [ 'r', 'r', 'r', 'e', 'e' ]
}
ERROR Error [NullInjectorError]: R3InjectorError(Standalone[t])[e -> e -> e -> e -> e]: 
  NullInjectorError: No provider for e!
    at eo.get (file:///D:/.Learning/HRSystem/hr-system/.angular/prerender-root/2310309f-730c-4233-b787-81fb8b747298/chu
nk-7M3X6OQR.mjs:8:1132)
    at Rn.get (file:///D:/.Learning/HRSystem/hr-system/.angular/prerender-root/2310309f-730c-4233-b787-81fb8b747298/chu
nk-7M3X6OQR.mjs:8:10719)
    at Rn.get (file:///D:/.Learning/HRSystem/hr-system/.angular/prerender-root/2310309f-730c-4233-b787-81fb8b747298/chu
nk-7M3X6OQR.mjs:8:10719)
    at Bg (file:///D:/.Learning/HRSystem/hr-system/.angular/prerender-root/2310309f-730c-4233-b787-81fb8b747298/chunk-7
M3X6OQR.mjs:5:2417)
    at z (file:///D:/.Learning/HRSystem/hr-system/.angular/prerender-root/2310309f-730c-4233-b787-81fb8b747298/chunk-7M
3X6OQR.mjs:5:2493)
    at m.ɵfac [as factory] (file:///D:/.Learning/HRSystem/hr-system/.angular/prerender-root/2310309f-730c-4233-b787-81f
b8b747298/chunk-PBINXXJ7.mjs:2:631)
    at Rn.hydrate (file:///D:/.Learning/HRSystem/hr-system/.angular/prerender-root/2310309f-730c-4233-b787-81fb8b747298
/chunk-7M3X6OQR.mjs:8:11515)
    at Rn.get (file:///D:/.Learning/HRSystem/hr-system/.angular/prerender-root/2310309f-730c-4233-b787-81fb8b747298/chu
nk-7M3X6OQR.mjs:8:10635)
    at Rn.get (file:///D:/.Learning/HRSystem/hr-system/.angular/prerender-root/2310309f-730c-4233-b787-81fb8b747298/chu
nk-7M3X6OQR.mjs:8:10719)
    at Rn.get (file:///D:/.Learning/HRSystem/hr-system/.angular/prerender-root/2310309f-730c-4233-b787-81fb8b747298/chu
nk-7M3X6OQR.mjs:8:10719) {
  ngTempTokenPath: null,
  ngTokenPath: [ 'e', 'e', 'e', 'e', 'e' ]
}
ERROR Error [NullInjectorError]: R3InjectorError(Standalone[n])[e -> e -> e -> e -> e]: 
  NullInjectorError: No provider for e!
    at eo.get (file:///D:/.Learning/HRSystem/hr-system/.angular/prerender-root/1ff0858e-d2ee-4d16-bd72-324108270964/chu
nk-7M3X6OQR.mjs:8:1132)
    at Rn.get (file:///D:/.Learning/HRSystem/hr-system/.angular/prerender-root/1ff0858e-d2ee-4d16-bd72-324108270964/chu
nk-7M3X6OQR.mjs:8:10719)
    at Rn.get (file:///D:/.Learning/HRSystem/hr-system/.angular/prerender-root/1ff0858e-d2ee-4d16-bd72-324108270964/chu
nk-7M3X6OQR.mjs:8:10719)
    at Bg (file:///D:/.Learning/HRSystem/hr-system/.angular/prerender-root/1ff0858e-d2ee-4d16-bd72-324108270964/chunk-7
M3X6OQR.mjs:5:2417)
    at z (file:///D:/.Learning/HRSystem/hr-system/.angular/prerender-root/1ff0858e-d2ee-4d16-bd72-324108270964/chunk-7M
3X6OQR.mjs:5:2493)
    at l.ɵfac [as factory] (file:///D:/.Learning/HRSystem/hr-system/.angular/prerender-root/1ff0858e-d2ee-4d16-bd72-324
108270964/chunk-AHNBZT45.mjs:2:494)
    at Rn.hydrate (file:///D:/.Learning/HRSystem/hr-system/.angular/prerender-root/1ff0858e-d2ee-4d16-bd72-324108270964
/chunk-7M3X6OQR.mjs:8:11515)
    at Rn.get (file:///D:/.Learning/HRSystem/hr-system/.angular/prerender-root/1ff0858e-d2ee-4d16-bd72-324108270964/chu
nk-7M3X6OQR.mjs:8:10635)
    at Rn.get (file:///D:/.Learning/HRSystem/hr-system/.angular/prerender-root/1ff0858e-d2ee-4d16-bd72-324108270964/chu
nk-7M3X6OQR.mjs:8:10719)
    at Rn.get (file:///D:/.Learning/HRSystem/hr-system/.angular/prerender-root/1ff0858e-d2ee-4d16-bd72-324108270964/chu
nk-7M3X6OQR.mjs:8:10719) {
  ngTempTokenPath: null,
  ngTokenPath: [ 'e', 'e', 'e', 'e', 'e' ]
}
ERROR Error [NullInjectorError]: R3InjectorError(Standalone[r])[r -> r -> r -> e -> e]: 
  NullInjectorError: No provider for e!
    at eo.get (file:///D:/.Learning/HRSystem/hr-system/.angular/prerender-root/4154a005-9b25-45a9-ada9-bfabab8f21d1/chu
nk-7M3X6OQR.mjs:8:1132)
    at Rn.get (file:///D:/.Learning/HRSystem/hr-system/.angular/prerender-root/4154a005-9b25-45a9-ada9-bfabab8f21d1/chu
nk-7M3X6OQR.mjs:8:10719)
    at Rn.get (file:///D:/.Learning/HRSystem/hr-system/.angular/prerender-root/4154a005-9b25-45a9-ada9-bfabab8f21d1/chu
nk-7M3X6OQR.mjs:8:10719)
    at Bg (file:///D:/.Learning/HRSystem/hr-system/.angular/prerender-root/4154a005-9b25-45a9-ada9-bfabab8f21d1/chunk-7
M3X6OQR.mjs:5:2417)
    at z (file:///D:/.Learning/HRSystem/hr-system/.angular/prerender-root/4154a005-9b25-45a9-ada9-bfabab8f21d1/chunk-7M
3X6OQR.mjs:5:2493)
    at l.ɵfac [as factory] (file:///D:/.Learning/HRSystem/hr-system/.angular/prerender-root/4154a005-9b25-45a9-ada9-bfa
bab8f21d1/chunk-IK4LFQBO.mjs:2:577)
    at Rn.hydrate (file:///D:/.Learning/HRSystem/hr-system/.angular/prerender-root/4154a005-9b25-45a9-ada9-bfabab8f21d1
/chunk-7M3X6OQR.mjs:8:11515)
    at Rn.get (file:///D:/.Learning/HRSystem/hr-system/.angular/prerender-root/4154a005-9b25-45a9-ada9-bfabab8f21d1/chu
nk-7M3X6OQR.mjs:8:10635)
    at Rn.get (file:///D:/.Learning/HRSystem/hr-system/.angular/prerender-root/4154a005-9b25-45a9-ada9-bfabab8f21d1/chu
nk-7M3X6OQR.mjs:8:10719)
    at Rn.get (file:///D:/.Learning/HRSystem/hr-system/.angular/prerender-root/4154a005-9b25-45a9-ada9-bfabab8f21d1/chu
nk-7M3X6OQR.mjs:8:10719) {
  ngTempTokenPath: null,
  ngTokenPath: [ 'r', 'r', 'r', 'e', 'e' ]
}
ERROR Error [NullInjectorError]: R3InjectorError(Standalone[t])[e -> e -> e -> e -> e]: 
  NullInjectorError: No provider for e!
    at eo.get (file:///D:/.Learning/HRSystem/hr-system/.angular/prerender-root/2310309f-730c-4233-b787-81fb8b747298/chu
nk-7M3X6OQR.mjs:8:1132)
    at Rn.get (file:///D:/.Learning/HRSystem/hr-system/.angular/prerender-root/2310309f-730c-4233-b787-81fb8b747298/chu
nk-7M3X6OQR.mjs:8:10719)
    at Rn.get (file:///D:/.Learning/HRSystem/hr-system/.angular/prerender-root/2310309f-730c-4233-b787-81fb8b747298/chu
nk-7M3X6OQR.mjs:8:10719)
    at Bg (file:///D:/.Learning/HRSystem/hr-system/.angular/prerender-root/2310309f-730c-4233-b787-81fb8b747298/chunk-7
M3X6OQR.mjs:5:2417)
    at z (file:///D:/.Learning/HRSystem/hr-system/.angular/prerender-root/2310309f-730c-4233-b787-81fb8b747298/chunk-7M
3X6OQR.mjs:5:2493)
    at l.ɵfac [as factory] (file:///D:/.Learning/HRSystem/hr-system/.angular/prerender-root/2310309f-730c-4233-b787-81f
b8b747298/chunk-IPW2UP7D.mjs:2:493)
    at Rn.hydrate (file:///D:/.Learning/HRSystem/hr-system/.angular/prerender-root/2310309f-730c-4233-b787-81fb8b747298
/chunk-7M3X6OQR.mjs:8:11515)
    at Rn.get (file:///D:/.Learning/HRSystem/hr-system/.angular/prerender-root/2310309f-730c-4233-b787-81fb8b747298/chu
nk-7M3X6OQR.mjs:8:10635)
    at Rn.get (file:///D:/.Learning/HRSystem/hr-system/.angular/prerender-root/2310309f-730c-4233-b787-81fb8b747298/chu
nk-7M3X6OQR.mjs:8:10719)
    at Rn.get (file:///D:/.Learning/HRSystem/hr-system/.angular/prerender-root/2310309f-730c-4233-b787-81fb8b747298/chu
nk-7M3X6OQR.mjs:8:10719) {
  ngTempTokenPath: null,
  ngTokenPath: [ 'e', 'e', 'e', 'e', 'e' ]
}
ERROR Error [NullInjectorError]: R3InjectorError(Standalone[o])[r -> r -> r -> e -> e]: 
  NullInjectorError: No provider for e!
    at eo.get (file:///D:/.Learning/HRSystem/hr-system/.angular/prerender-root/924f52f6-309e-4506-aa76-6acf1fc942a9/chu
nk-7M3X6OQR.mjs:8:1132)
    at Rn.get (file:///D:/.Learning/HRSystem/hr-system/.angular/prerender-root/924f52f6-309e-4506-aa76-6acf1fc942a9/chu
nk-7M3X6OQR.mjs:8:10719)
    at Rn.get (file:///D:/.Learning/HRSystem/hr-system/.angular/prerender-root/924f52f6-309e-4506-aa76-6acf1fc942a9/chu
nk-7M3X6OQR.mjs:8:10719)
    at Bg (file:///D:/.Learning/HRSystem/hr-system/.angular/prerender-root/924f52f6-309e-4506-aa76-6acf1fc942a9/chunk-7
M3X6OQR.mjs:5:2417)
    at z (file:///D:/.Learning/HRSystem/hr-system/.angular/prerender-root/924f52f6-309e-4506-aa76-6acf1fc942a9/chunk-7M
3X6OQR.mjs:5:2493)
    at h.ɵfac [as factory] (file:///D:/.Learning/HRSystem/hr-system/.angular/prerender-root/924f52f6-309e-4506-aa76-6ac
f1fc942a9/chunk-OXYKABND.mjs:2:629)
    at Rn.hydrate (file:///D:/.Learning/HRSystem/hr-system/.angular/prerender-root/924f52f6-309e-4506-aa76-6acf1fc942a9
/chunk-7M3X6OQR.mjs:8:11515)
    at Rn.get (file:///D:/.Learning/HRSystem/hr-system/.angular/prerender-root/924f52f6-309e-4506-aa76-6acf1fc942a9/chu
nk-7M3X6OQR.mjs:8:10635)
    at Rn.get (file:///D:/.Learning/HRSystem/hr-system/.angular/prerender-root/924f52f6-309e-4506-aa76-6acf1fc942a9/chu
nk-7M3X6OQR.mjs:8:10719)
    at Rn.get (file:///D:/.Learning/HRSystem/hr-system/.angular/prerender-root/924f52f6-309e-4506-aa76-6acf1fc942a9/chu
nk-7M3X6OQR.mjs:8:10719) {
  ngTempTokenPath: null,
  ngTokenPath: [ 'r', 'r', 'r', 'e', 'e' ]
}
ERROR Error [NullInjectorError]: R3InjectorError(Standalone[n])[e -> e -> e -> e -> e]: 
  NullInjectorError: No provider for e!
    at eo.get (file:///D:/.Learning/HRSystem/hr-system/.angular/prerender-root/4154a005-9b25-45a9-ada9-bfabab8f21d1/chu
nk-7M3X6OQR.mjs:8:1132)
    at Rn.get (file:///D:/.Learning/HRSystem/hr-system/.angular/prerender-root/4154a005-9b25-45a9-ada9-bfabab8f21d1/chu
nk-7M3X6OQR.mjs:8:10719)
    at Rn.get (file:///D:/.Learning/HRSystem/hr-system/.angular/prerender-root/4154a005-9b25-45a9-ada9-bfabab8f21d1/chu
nk-7M3X6OQR.mjs:8:10719)
    at Bg (file:///D:/.Learning/HRSystem/hr-system/.angular/prerender-root/4154a005-9b25-45a9-ada9-bfabab8f21d1/chunk-7
M3X6OQR.mjs:5:2417)
    at z (file:///D:/.Learning/HRSystem/hr-system/.angular/prerender-root/4154a005-9b25-45a9-ada9-bfabab8f21d1/chunk-7M
3X6OQR.mjs:5:2493)
    at l.ɵfac [as factory] (file:///D:/.Learning/HRSystem/hr-system/.angular/prerender-root/4154a005-9b25-45a9-ada9-bfa
bab8f21d1/chunk-IPW2UP7D.mjs:2:493)
    at Rn.hydrate (file:///D:/.Learning/HRSystem/hr-system/.angular/prerender-root/4154a005-9b25-45a9-ada9-bfabab8f21d1
/chunk-7M3X6OQR.mjs:8:11515)
    at Rn.get (file:///D:/.Learning/HRSystem/hr-system/.angular/prerender-root/4154a005-9b25-45a9-ada9-bfabab8f21d1/chu
nk-7M3X6OQR.mjs:8:10635)
    at Rn.get (file:///D:/.Learning/HRSystem/hr-system/.angular/prerender-root/4154a005-9b25-45a9-ada9-bfabab8f21d1/chu
nk-7M3X6OQR.mjs:8:10719)
    at Rn.get (file:///D:/.Learning/HRSystem/hr-system/.angular/prerender-root/4154a005-9b25-45a9-ada9-bfabab8f21d1/chu
nk-7M3X6OQR.mjs:8:10719) {
  ngTempTokenPath: null,
  ngTokenPath: [ 'e', 'e', 'e', 'e', 'e' ]
}
ERROR Error [NullInjectorError]: R3InjectorError(Standalone[r])[e -> e -> e -> e -> e]: 
  NullInjectorError: No provider for e!
    at eo.get (file:///D:/.Learning/HRSystem/hr-system/.angular/prerender-root/924f52f6-309e-4506-aa76-6acf1fc942a9/chu
nk-7M3X6OQR.mjs:8:1132)
    at Rn.get (file:///D:/.Learning/HRSystem/hr-system/.angular/prerender-root/924f52f6-309e-4506-aa76-6acf1fc942a9/chu
nk-7M3X6OQR.mjs:8:10719)
    at Rn.get (file:///D:/.Learning/HRSystem/hr-system/.angular/prerender-root/924f52f6-309e-4506-aa76-6acf1fc942a9/chu
nk-7M3X6OQR.mjs:8:10719)
    at Bg (file:///D:/.Learning/HRSystem/hr-system/.angular/prerender-root/924f52f6-309e-4506-aa76-6acf1fc942a9/chunk-7
M3X6OQR.mjs:5:2417)
    at z (file:///D:/.Learning/HRSystem/hr-system/.angular/prerender-root/924f52f6-309e-4506-aa76-6acf1fc942a9/chunk-7M
3X6OQR.mjs:5:2493)
    at l.ɵfac [as factory] (file:///D:/.Learning/HRSystem/hr-system/.angular/prerender-root/924f52f6-309e-4506-aa76-6ac
f1fc942a9/chunk-AQA5CHWY.mjs:2:501)
    at Rn.hydrate (file:///D:/.Learning/HRSystem/hr-system/.angular/prerender-root/924f52f6-309e-4506-aa76-6acf1fc942a9
/chunk-7M3X6OQR.mjs:8:11515)
    at Rn.get (file:///D:/.Learning/HRSystem/hr-system/.angular/prerender-root/924f52f6-309e-4506-aa76-6acf1fc942a9/chu
nk-7M3X6OQR.mjs:8:10635)
    at Rn.get (file:///D:/.Learning/HRSystem/hr-system/.angular/prerender-root/924f52f6-309e-4506-aa76-6acf1fc942a9/chu
nk-7M3X6OQR.mjs:8:10719)
    at Rn.get (file:///D:/.Learning/HRSystem/hr-system/.angular/prerender-root/924f52f6-309e-4506-aa76-6acf1fc942a9/chu
nk-7M3X6OQR.mjs:8:10719) {
  ngTempTokenPath: null,
  ngTokenPath: [ 'e', 'e', 'e', 'e', 'e' ]
}
ERROR Error [NullInjectorError]: R3InjectorError(Standalone[e])[e -> e -> e -> e -> e]: 
  NullInjectorError: No provider for e!
    at eo.get (file:///D:/.Learning/HRSystem/hr-system/.angular/prerender-root/1ff0858e-d2ee-4d16-bd72-324108270964/chu
nk-7M3X6OQR.mjs:8:1132)
    at Rn.get (file:///D:/.Learning/HRSystem/hr-system/.angular/prerender-root/1ff0858e-d2ee-4d16-bd72-324108270964/chu
nk-7M3X6OQR.mjs:8:10719)
    at Rn.get (file:///D:/.Learning/HRSystem/hr-system/.angular/prerender-root/1ff0858e-d2ee-4d16-bd72-324108270964/chu
nk-7M3X6OQR.mjs:8:10719)
    at Bg (file:///D:/.Learning/HRSystem/hr-system/.angular/prerender-root/1ff0858e-d2ee-4d16-bd72-324108270964/chunk-7
M3X6OQR.mjs:5:2417)
    at z (file:///D:/.Learning/HRSystem/hr-system/.angular/prerender-root/1ff0858e-d2ee-4d16-bd72-324108270964/chunk-7M
3X6OQR.mjs:5:2493)
    at m.ɵfac [as factory] (file:///D:/.Learning/HRSystem/hr-system/.angular/prerender-root/1ff0858e-d2ee-4d16-bd72-324
108270964/chunk-PBINXXJ7.mjs:2:631)
    at Rn.hydrate (file:///D:/.Learning/HRSystem/hr-system/.angular/prerender-root/1ff0858e-d2ee-4d16-bd72-324108270964
/chunk-7M3X6OQR.mjs:8:11515)
    at Rn.get (file:///D:/.Learning/HRSystem/hr-system/.angular/prerender-root/1ff0858e-d2ee-4d16-bd72-324108270964/chu
nk-7M3X6OQR.mjs:8:10635)
    at Rn.get (file:///D:/.Learning/HRSystem/hr-system/.angular/prerender-root/1ff0858e-d2ee-4d16-bd72-324108270964/chu
nk-7M3X6OQR.mjs:8:10719)
    at Rn.get (file:///D:/.Learning/HRSystem/hr-system/.angular/prerender-root/1ff0858e-d2ee-4d16-bd72-324108270964/chu
nk-7M3X6OQR.mjs:8:10719) {
  ngTempTokenPath: null,
  ngTokenPath: [ 'e', 'e', 'e', 'e', 'e' ]
}
ERROR Error [NullInjectorError]: R3InjectorError(Standalone[e])[e -> e -> e -> e -> e]: 
  NullInjectorError: No provider for e!
    at eo.get (file:///D:/.Learning/HRSystem/hr-system/.angular/prerender-root/2310309f-730c-4233-b787-81fb8b747298/chu
nk-7M3X6OQR.mjs:8:1132)
    at Rn.get (file:///D:/.Learning/HRSystem/hr-system/.angular/prerender-root/2310309f-730c-4233-b787-81fb8b747298/chu
nk-7M3X6OQR.mjs:8:10719)
    at Rn.get (file:///D:/.Learning/HRSystem/hr-system/.angular/prerender-root/2310309f-730c-4233-b787-81fb8b747298/chu
nk-7M3X6OQR.mjs:8:10719)
    at Bg (file:///D:/.Learning/HRSystem/hr-system/.angular/prerender-root/2310309f-730c-4233-b787-81fb8b747298/chunk-7
M3X6OQR.mjs:5:2417)
    at z (file:///D:/.Learning/HRSystem/hr-system/.angular/prerender-root/2310309f-730c-4233-b787-81fb8b747298/chunk-7M
3X6OQR.mjs:5:2493)
    at m.ɵfac [as factory] (file:///D:/.Learning/HRSystem/hr-system/.angular/prerender-root/2310309f-730c-4233-b787-81f
b8b747298/chunk-PBINXXJ7.mjs:2:631)
    at Rn.hydrate (file:///D:/.Learning/HRSystem/hr-system/.angular/prerender-root/2310309f-730c-4233-b787-81fb8b747298
/chunk-7M3X6OQR.mjs:8:11515)
    at Rn.get (file:///D:/.Learning/HRSystem/hr-system/.angular/prerender-root/2310309f-730c-4233-b787-81fb8b747298/chu
nk-7M3X6OQR.mjs:8:10635)
    at Rn.get (file:///D:/.Learning/HRSystem/hr-system/.angular/prerender-root/2310309f-730c-4233-b787-81fb8b747298/chu
nk-7M3X6OQR.mjs:8:10719)
    at Rn.get (file:///D:/.Learning/HRSystem/hr-system/.angular/prerender-root/2310309f-730c-4233-b787-81fb8b747298/chu
nk-7M3X6OQR.mjs:8:10719) {
  ngTempTokenPath: null,
  ngTokenPath: [ 'e', 'e', 'e', 'e', 'e' ]
}
ERROR Error [NullInjectorError]: R3InjectorError(Standalone[t])[e -> e -> e -> e -> e]: 
  NullInjectorError: No provider for e!
    at eo.get (file:///D:/.Learning/HRSystem/hr-system/.angular/prerender-root/4154a005-9b25-45a9-ada9-bfabab8f21d1/chu
nk-7M3X6OQR.mjs:8:1132)
    at Rn.get (file:///D:/.Learning/HRSystem/hr-system/.angular/prerender-root/4154a005-9b25-45a9-ada9-bfabab8f21d1/chu
nk-7M3X6OQR.mjs:8:10719)
    at Rn.get (file:///D:/.Learning/HRSystem/hr-system/.angular/prerender-root/4154a005-9b25-45a9-ada9-bfabab8f21d1/chu
nk-7M3X6OQR.mjs:8:10719)
    at Bg (file:///D:/.Learning/HRSystem/hr-system/.angular/prerender-root/4154a005-9b25-45a9-ada9-bfabab8f21d1/chunk-7
M3X6OQR.mjs:5:2417)
    at z (file:///D:/.Learning/HRSystem/hr-system/.angular/prerender-root/4154a005-9b25-45a9-ada9-bfabab8f21d1/chunk-7M
3X6OQR.mjs:5:2493)
    at m.ɵfac [as factory] (file:///D:/.Learning/HRSystem/hr-system/.angular/prerender-root/4154a005-9b25-45a9-ada9-bfa
bab8f21d1/chunk-PBINXXJ7.mjs:2:631)
    at Rn.hydrate (file:///D:/.Learning/HRSystem/hr-system/.angular/prerender-root/4154a005-9b25-45a9-ada9-bfabab8f21d1
/chunk-7M3X6OQR.mjs:8:11515)
    at Rn.get (file:///D:/.Learning/HRSystem/hr-system/.angular/prerender-root/4154a005-9b25-45a9-ada9-bfabab8f21d1/chu
nk-7M3X6OQR.mjs:8:10635)
    at Rn.get (file:///D:/.Learning/HRSystem/hr-system/.angular/prerender-root/4154a005-9b25-45a9-ada9-bfabab8f21d1/chu
nk-7M3X6OQR.mjs:8:10719)
    at Rn.get (file:///D:/.Learning/HRSystem/hr-system/.angular/prerender-root/4154a005-9b25-45a9-ada9-bfabab8f21d1/chu
nk-7M3X6OQR.mjs:8:10719) {
  ngTempTokenPath: null,
  ngTokenPath: [ 'e', 'e', 'e', 'e', 'e' ]
}
ERROR Error [NullInjectorError]: R3InjectorError(Standalone[e])[r -> r -> r -> e -> e]: 
  NullInjectorError: No provider for e!
    at eo.get (file:///D:/.Learning/HRSystem/hr-system/.angular/prerender-root/2310309f-730c-4233-b787-81fb8b747298/chu
nk-7M3X6OQR.mjs:8:1132)
    at Rn.get (file:///D:/.Learning/HRSystem/hr-system/.angular/prerender-root/2310309f-730c-4233-b787-81fb8b747298/chu
nk-7M3X6OQR.mjs:8:10719)
    at Rn.get (file:///D:/.Learning/HRSystem/hr-system/.angular/prerender-root/2310309f-730c-4233-b787-81fb8b747298/chu
nk-7M3X6OQR.mjs:8:10719)
    at Bg (file:///D:/.Learning/HRSystem/hr-system/.angular/prerender-root/2310309f-730c-4233-b787-81fb8b747298/chunk-7
M3X6OQR.mjs:5:2417)
    at z (file:///D:/.Learning/HRSystem/hr-system/.angular/prerender-root/2310309f-730c-4233-b787-81fb8b747298/chunk-7M
3X6OQR.mjs:5:2493)
    at h.ɵfac [as factory] (file:///D:/.Learning/HRSystem/hr-system/.angular/prerender-root/2310309f-730c-4233-b787-81f
b8b747298/chunk-UH46IWTO.mjs:2:566)
    at Rn.hydrate (file:///D:/.Learning/HRSystem/hr-system/.angular/prerender-root/2310309f-730c-4233-b787-81fb8b747298
/chunk-7M3X6OQR.mjs:8:11515)
    at Rn.get (file:///D:/.Learning/HRSystem/hr-system/.angular/prerender-root/2310309f-730c-4233-b787-81fb8b747298/chu
nk-7M3X6OQR.mjs:8:10635)
    at Rn.get (file:///D:/.Learning/HRSystem/hr-system/.angular/prerender-root/2310309f-730c-4233-b787-81fb8b747298/chu
nk-7M3X6OQR.mjs:8:10719)
    at Rn.get (file:///D:/.Learning/HRSystem/hr-system/.angular/prerender-root/2310309f-730c-4233-b787-81fb8b747298/chu
nk-7M3X6OQR.mjs:8:10719) {
  ngTempTokenPath: null,
  ngTokenPath: [ 'r', 'r', 'r', 'e', 'e' ]
}
ERROR Error [NullInjectorError]: R3InjectorError(Standalone[e])[r -> r -> r -> e -> e]: 
  NullInjectorError: No provider for e!
    at eo.get (file:///D:/.Learning/HRSystem/hr-system/.angular/prerender-root/924f52f6-309e-4506-aa76-6acf1fc942a9/chu
nk-7M3X6OQR.mjs:8:1132)
    at Rn.get (file:///D:/.Learning/HRSystem/hr-system/.angular/prerender-root/924f52f6-309e-4506-aa76-6acf1fc942a9/chu
nk-7M3X6OQR.mjs:8:10719)
    at Rn.get (file:///D:/.Learning/HRSystem/hr-system/.angular/prerender-root/924f52f6-309e-4506-aa76-6acf1fc942a9/chu
nk-7M3X6OQR.mjs:8:10719)
    at Bg (file:///D:/.Learning/HRSystem/hr-system/.angular/prerender-root/924f52f6-309e-4506-aa76-6acf1fc942a9/chunk-7
M3X6OQR.mjs:5:2417)
    at z (file:///D:/.Learning/HRSystem/hr-system/.angular/prerender-root/924f52f6-309e-4506-aa76-6acf1fc942a9/chunk-7M
3X6OQR.mjs:5:2493)
    at c.ɵfac [as factory] (file:///D:/.Learning/HRSystem/hr-system/.angular/prerender-root/924f52f6-309e-4506-aa76-6ac
f1fc942a9/chunk-2SWJZBNC.mjs:2:509)
    at Rn.hydrate (file:///D:/.Learning/HRSystem/hr-system/.angular/prerender-root/924f52f6-309e-4506-aa76-6acf1fc942a9
/chunk-7M3X6OQR.mjs:8:11515)
    at Rn.get (file:///D:/.Learning/HRSystem/hr-system/.angular/prerender-root/924f52f6-309e-4506-aa76-6acf1fc942a9/chu
nk-7M3X6OQR.mjs:8:10635)
    at Rn.get (file:///D:/.Learning/HRSystem/hr-system/.angular/prerender-root/924f52f6-309e-4506-aa76-6acf1fc942a9/chu
nk-7M3X6OQR.mjs:8:10719)
    at Rn.get (file:///D:/.Learning/HRSystem/hr-system/.angular/prerender-root/924f52f6-309e-4506-aa76-6acf1fc942a9/chu
nk-7M3X6OQR.mjs:8:10719) {
  ngTempTokenPath: null,
  ngTokenPath: [ 'r', 'r', 'r', 'e', 'e' ]
}
ERROR Error [NullInjectorError]: R3InjectorError(Standalone[o])[r -> r -> r -> e -> e]: 
  NullInjectorError: No provider for e!
    at eo.get (file:///D:/.Learning/HRSystem/hr-system/.angular/prerender-root/4154a005-9b25-45a9-ada9-bfabab8f21d1/chu
nk-7M3X6OQR.mjs:8:1132)
    at Rn.get (file:///D:/.Learning/HRSystem/hr-system/.angular/prerender-root/4154a005-9b25-45a9-ada9-bfabab8f21d1/chu
nk-7M3X6OQR.mjs:8:10719)
    at Rn.get (file:///D:/.Learning/HRSystem/hr-system/.angular/prerender-root/4154a005-9b25-45a9-ada9-bfabab8f21d1/chu
nk-7M3X6OQR.mjs:8:10719)
    at Bg (file:///D:/.Learning/HRSystem/hr-system/.angular/prerender-root/4154a005-9b25-45a9-ada9-bfabab8f21d1/chunk-7
M3X6OQR.mjs:5:2417)
    at z (file:///D:/.Learning/HRSystem/hr-system/.angular/prerender-root/4154a005-9b25-45a9-ada9-bfabab8f21d1/chunk-7M
3X6OQR.mjs:5:2493)
    at c.ɵfac [as factory] (file:///D:/.Learning/HRSystem/hr-system/.angular/prerender-root/4154a005-9b25-45a9-ada9-bfa
bab8f21d1/chunk-2SWJZBNC.mjs:2:509)
    at Rn.hydrate (file:///D:/.Learning/HRSystem/hr-system/.angular/prerender-root/4154a005-9b25-45a9-ada9-bfabab8f21d1
/chunk-7M3X6OQR.mjs:8:11515)
    at Rn.get (file:///D:/.Learning/HRSystem/hr-system/.angular/prerender-root/4154a005-9b25-45a9-ada9-bfabab8f21d1/chu
nk-7M3X6OQR.mjs:8:10635)
    at Rn.get (file:///D:/.Learning/HRSystem/hr-system/.angular/prerender-root/4154a005-9b25-45a9-ada9-bfabab8f21d1/chu
nk-7M3X6OQR.mjs:8:10719)
    at Rn.get (file:///D:/.Learning/HRSystem/hr-system/.angular/prerender-root/4154a005-9b25-45a9-ada9-bfabab8f21d1/chu
nk-7M3X6OQR.mjs:8:10719) {
  ngTempTokenPath: null,
  ngTokenPath: [ 'r', 'r', 'r', 'e', 'e' ]
}
ERROR Error [NullInjectorError]: R3InjectorError(Standalone[e])[i -> i -> i -> e -> e]: 
  NullInjectorError: No provider for e!
    at eo.get (file:///D:/.Learning/HRSystem/hr-system/.angular/prerender-root/1ff0858e-d2ee-4d16-bd72-324108270964/chu
nk-7M3X6OQR.mjs:8:1132)
    at Rn.get (file:///D:/.Learning/HRSystem/hr-system/.angular/prerender-root/1ff0858e-d2ee-4d16-bd72-324108270964/chu
nk-7M3X6OQR.mjs:8:10719)
    at Rn.get (file:///D:/.Learning/HRSystem/hr-system/.angular/prerender-root/1ff0858e-d2ee-4d16-bd72-324108270964/chu
nk-7M3X6OQR.mjs:8:10719)
    at Bg (file:///D:/.Learning/HRSystem/hr-system/.angular/prerender-root/1ff0858e-d2ee-4d16-bd72-324108270964/chunk-7
M3X6OQR.mjs:5:2417)
    at z (file:///D:/.Learning/HRSystem/hr-system/.angular/prerender-root/1ff0858e-d2ee-4d16-bd72-324108270964/chunk-7M
3X6OQR.mjs:5:2493)
    at l.ɵfac [as factory] (file:///D:/.Learning/HRSystem/hr-system/.angular/prerender-root/1ff0858e-d2ee-4d16-bd72-324
108270964/chunk-PTSJFTTJ.mjs:2:471)
    at Rn.hydrate (file:///D:/.Learning/HRSystem/hr-system/.angular/prerender-root/1ff0858e-d2ee-4d16-bd72-324108270964
/chunk-7M3X6OQR.mjs:8:11515)
    at Rn.get (file:///D:/.Learning/HRSystem/hr-system/.angular/prerender-root/1ff0858e-d2ee-4d16-bd72-324108270964/chu
nk-7M3X6OQR.mjs:8:10635)
    at Rn.get (file:///D:/.Learning/HRSystem/hr-system/.angular/prerender-root/1ff0858e-d2ee-4d16-bd72-324108270964/chu
nk-7M3X6OQR.mjs:8:10719)
    at Rn.get (file:///D:/.Learning/HRSystem/hr-system/.angular/prerender-root/1ff0858e-d2ee-4d16-bd72-324108270964/chu
nk-7M3X6OQR.mjs:8:10719) {
  ngTempTokenPath: null,
  ngTokenPath: [ 'i', 'i', 'i', 'e', 'e' ]
}
ERROR Error [NullInjectorError]: R3InjectorError(Standalone[i])[e -> e -> e -> e -> e]: 
  NullInjectorError: No provider for e!
    at eo.get (file:///D:/.Learning/HRSystem/hr-system/.angular/prerender-root/924f52f6-309e-4506-aa76-6acf1fc942a9/chu
nk-7M3X6OQR.mjs:8:1132)
    at Rn.get (file:///D:/.Learning/HRSystem/hr-system/.angular/prerender-root/924f52f6-309e-4506-aa76-6acf1fc942a9/chu
nk-7M3X6OQR.mjs:8:10719)
    at Rn.get (file:///D:/.Learning/HRSystem/hr-system/.angular/prerender-root/924f52f6-309e-4506-aa76-6acf1fc942a9/chu
nk-7M3X6OQR.mjs:8:10719)
    at Bg (file:///D:/.Learning/HRSystem/hr-system/.angular/prerender-root/924f52f6-309e-4506-aa76-6acf1fc942a9/chunk-7
M3X6OQR.mjs:5:2417)
    at z (file:///D:/.Learning/HRSystem/hr-system/.angular/prerender-root/924f52f6-309e-4506-aa76-6acf1fc942a9/chunk-7M
3X6OQR.mjs:5:2493)
    at m.ɵfac [as factory] (file:///D:/.Learning/HRSystem/hr-system/.angular/prerender-root/924f52f6-309e-4506-aa76-6ac
f1fc942a9/chunk-PBINXXJ7.mjs:2:631)
    at Rn.hydrate (file:///D:/.Learning/HRSystem/hr-system/.angular/prerender-root/924f52f6-309e-4506-aa76-6acf1fc942a9
/chunk-7M3X6OQR.mjs:8:11515)
    at Rn.get (file:///D:/.Learning/HRSystem/hr-system/.angular/prerender-root/924f52f6-309e-4506-aa76-6acf1fc942a9/chu
nk-7M3X6OQR.mjs:8:10635)
    at Rn.get (file:///D:/.Learning/HRSystem/hr-system/.angular/prerender-root/924f52f6-309e-4506-aa76-6acf1fc942a9/chu
nk-7M3X6OQR.mjs:8:10719)
    at Rn.get (file:///D:/.Learning/HRSystem/hr-system/.angular/prerender-root/924f52f6-309e-4506-aa76-6acf1fc942a9/chu
nk-7M3X6OQR.mjs:8:10719) {
  ngTempTokenPath: null,
  ngTokenPath: [ 'e', 'e', 'e', 'e', 'e' ]
}
ERROR Error [NullInjectorError]: R3InjectorError(Standalone[e])[e -> e -> e -> e -> e]: 
  NullInjectorError: No provider for e!
    at eo.get (file:///D:/.Learning/HRSystem/hr-system/.angular/prerender-root/2310309f-730c-4233-b787-81fb8b747298/chu
nk-7M3X6OQR.mjs:8:1132)
    at Rn.get (file:///D:/.Learning/HRSystem/hr-system/.angular/prerender-root/2310309f-730c-4233-b787-81fb8b747298/chu
nk-7M3X6OQR.mjs:8:10719)
    at Rn.get (file:///D:/.Learning/HRSystem/hr-system/.angular/prerender-root/2310309f-730c-4233-b787-81fb8b747298/chu
nk-7M3X6OQR.mjs:8:10719)
    at Bg (file:///D:/.Learning/HRSystem/hr-system/.angular/prerender-root/2310309f-730c-4233-b787-81fb8b747298/chunk-7
M3X6OQR.mjs:5:2417)
    at z (file:///D:/.Learning/HRSystem/hr-system/.angular/prerender-root/2310309f-730c-4233-b787-81fb8b747298/chunk-7M
3X6OQR.mjs:5:2493)
    at m.ɵfac [as factory] (file:///D:/.Learning/HRSystem/hr-system/.angular/prerender-root/2310309f-730c-4233-b787-81f
b8b747298/chunk-PBINXXJ7.mjs:2:631)
    at Rn.hydrate (file:///D:/.Learning/HRSystem/hr-system/.angular/prerender-root/2310309f-730c-4233-b787-81fb8b747298
/chunk-7M3X6OQR.mjs:8:11515)
    at Rn.get (file:///D:/.Learning/HRSystem/hr-system/.angular/prerender-root/2310309f-730c-4233-b787-81fb8b747298/chu
nk-7M3X6OQR.mjs:8:10635)
    at Rn.get (file:///D:/.Learning/HRSystem/hr-system/.angular/prerender-root/2310309f-730c-4233-b787-81fb8b747298/chu
nk-7M3X6OQR.mjs:8:10719)
    at Rn.get (file:///D:/.Learning/HRSystem/hr-system/.angular/prerender-root/2310309f-730c-4233-b787-81fb8b747298/chu
nk-7M3X6OQR.mjs:8:10719) {
  ngTempTokenPath: null,
  ngTokenPath: [ 'e', 'e', 'e', 'e', 'e' ]
}
ERROR Error [NullInjectorError]: R3InjectorError(Standalone[o])[r -> r -> r -> e -> e]: 
  NullInjectorError: No provider for e!
    at eo.get (file:///D:/.Learning/HRSystem/hr-system/.angular/prerender-root/1ff0858e-d2ee-4d16-bd72-324108270964/chu
nk-7M3X6OQR.mjs:8:1132)
    at Rn.get (file:///D:/.Learning/HRSystem/hr-system/.angular/prerender-root/1ff0858e-d2ee-4d16-bd72-324108270964/chu
nk-7M3X6OQR.mjs:8:10719)
    at Rn.get (file:///D:/.Learning/HRSystem/hr-system/.angular/prerender-root/1ff0858e-d2ee-4d16-bd72-324108270964/chu
nk-7M3X6OQR.mjs:8:10719)
    at Bg (file:///D:/.Learning/HRSystem/hr-system/.angular/prerender-root/1ff0858e-d2ee-4d16-bd72-324108270964/chunk-7
M3X6OQR.mjs:5:2417)
    at z (file:///D:/.Learning/HRSystem/hr-system/.angular/prerender-root/1ff0858e-d2ee-4d16-bd72-324108270964/chunk-7M
3X6OQR.mjs:5:2493)
    at h.ɵfac [as factory] (file:///D:/.Learning/HRSystem/hr-system/.angular/prerender-root/1ff0858e-d2ee-4d16-bd72-324
108270964/chunk-MQLJ2L2M.mjs:2:398)
    at Rn.hydrate (file:///D:/.Learning/HRSystem/hr-system/.angular/prerender-root/1ff0858e-d2ee-4d16-bd72-324108270964
/chunk-7M3X6OQR.mjs:8:11515)
    at Rn.get (file:///D:/.Learning/HRSystem/hr-system/.angular/prerender-root/1ff0858e-d2ee-4d16-bd72-324108270964/chu
nk-7M3X6OQR.mjs:8:10635)
    at Rn.get (file:///D:/.Learning/HRSystem/hr-system/.angular/prerender-root/1ff0858e-d2ee-4d16-bd72-324108270964/chu
nk-7M3X6OQR.mjs:8:10719)
    at Rn.get (file:///D:/.Learning/HRSystem/hr-system/.angular/prerender-root/1ff0858e-d2ee-4d16-bd72-324108270964/chu
nk-7M3X6OQR.mjs:8:10719) {
  ngTempTokenPath: null,
  ngTokenPath: [ 'r', 'r', 'r', 'e', 'e' ]
}
Browser bundles        
Initial chunk files     | Names                            |  Raw size | Estimated transfer size
styles-D7CVOJTT.css     | styles                           | 310.31 kB |                29.89 kB
chunk-LQQ2FFO5.js       | -                                | 274.56 kB |                51.78 kB
chunk-XDZFQNLR.js       | -                                | 232.68 kB |                42.95 kB
main-6JH7VJ5Q.js        | main                             | 232.45 kB |                68.46 kB
chunk-GAOVANUD.js       | -                                | 197.18 kB |                56.47 kB
chunk-BWWMUL5Y.js       | -                                | 175.99 kB |                30.42 kB
chunk-7XOZPEAV.js       | -                                |  77.28 kB |                18.34 kB
polyfills-FFHMD2TL.js   | polyfills                        |  33.71 kB |                11.02 kB
chunk-QJTH4GMY.js       | -                                | 740 bytes |               740 bytes
chunk-4KNFNJ6P.js       | -                                | 686 bytes |               686 bytes
chunk-BINYTIWO.js       | -                                | 675 bytes |               675 bytes
chunk-4Y6BM56N.js       | -                                | 618 bytes |               618 bytes
chunk-UBRNB22B.js       | -                                | 507 bytes |               507 bytes

                        | Initial total                    |   1.50 MB |               312.47 kB

Lazy chunk files        | Names                            |  Raw size | Estimated transfer size
chunk-7M6FOWTG.js       | browser                          |  62.19 kB |                16.49 kB
chunk-NKE57P2A.js       | attendance-page-component        |  10.93 kB |                 3.21 kB
chunk-7QCYKJA4.js       | payroll-page-component           |  10.36 kB |                 3.30 kB
chunk-ENZBHGNC.js       | employee-asset-page-component    |   8.19 kB |                 2.47 kB
chunk-X673JEJD.js       | employment-detail-form-component |   7.78 kB |                 2.17 kB
chunk-5KG54QBH.js       | final-settlement-page-component  |   6.18 kB |                 1.83 kB
chunk-ZRMNZM5O.js       | employee-form-component          |   6.06 kB |                 1.81 kB
chunk-5YH42UFT.js       | leave-page-component             |   5.14 kB |                 1.67 kB
chunk-ZGD4DRAA.js       | employee-list-component          |   4.96 kB |                 1.68 kB
chunk-LMUOJSSD.js       | increment-history-page-component |   4.90 kB |                 1.72 kB
chunk-MY37NIIL.js       | employee-shift-page-component    |   4.87 kB |                 1.72 kB
chunk-DDMU25KD.js       | shift-list-component             |   4.83 kB |                 1.67 kB
chunk-TGZKTHJ5.js       | assets-list-component            |   4.79 kB |                 1.65 kB
chunk-4ZGLVJAO.js       | department-list-component        |   4.66 kB |                 1.64 kB
chunk-CPZTP7AC.js       | -                                |   4.63 kB |                 1.64 kB
...and 21 more lazy chunks files. Use "--verbose" to show all the files.


Server bundles         
Initial chunk files     | Names                            |  Raw size
server.mjs              | server                           |   1.06 MB |                        
chunk-ZDHKA7Q5.mjs      | -                                | 296.04 kB |                        
polyfills.server.mjs    | polyfills.server                 | 262.30 kB |                        
chunk-Z3E63LW7.mjs      | -                                | 255.82 kB |                        
chunk-JYBD4GEP.mjs      | -                                | 229.71 kB |                        
chunk-7M3X6OQR.mjs      | -                                | 227.78 kB |                        
chunk-HLCBAXYZ.mjs      | -                                | 176.06 kB |                        
chunk-RB67UWLO.mjs      | -                                | 145.07 kB |                        
chunk-O5UIVDBB.mjs      | -                                |  87.10 kB |                        
chunk-T26YLSSI.mjs      | -                                |  76.91 kB |                        
chunk-VVCT4QZE.mjs      | -                                |   2.48 kB |                        
render-utils.server.mjs | render-utils.server              |   1.50 kB |                        
chunk-PBINXXJ7.mjs      | -                                | 774 bytes |                        
chunk-IK4LFQBO.mjs      | -                                | 720 bytes |                        
chunk-UH46IWTO.mjs      | -                                | 709 bytes |                        
chunk-2SWJZBNC.mjs      | -                                | 652 bytes |                        
chunk-MQLJ2L2M.mjs      | -                                | 541 bytes |                        
main.server.mjs         | main.server                      | 468 bytes |                        

Lazy chunk files        | Names                            |  Raw size
chunk-QZP2S7SI.mjs      | xhr2                             |  11.79 kB |                        
chunk-X3E4AGKT.mjs      | attendance-page-component        |  11.02 kB |                        
chunk-SZZI3D4R.mjs      | payroll-page-component           |  10.46 kB |                        
chunk-R2PHSNE4.mjs      | employee-asset-page-component    |   8.28 kB |                        
chunk-JAIZCOTL.mjs      | employment-detail-form-component |   7.88 kB |                        
chunk-QQAHLBK7.mjs      | final-settlement-page-component  |   6.28 kB |                        
chunk-4TGQXSGF.mjs      | employee-form-component          |   6.16 kB |                        
chunk-4TJQEKV7.mjs      | leave-page-component             |   5.24 kB |                        
chunk-V5MWOKIU.mjs      | employee-list-component          |   5.06 kB |                        
chunk-LAANZZH7.mjs      | increment-history-page-component |   5.00 kB |                        
chunk-R2B2KJRI.mjs      | employee-shift-page-component    |   4.96 kB |                        
chunk-44VVD5XJ.mjs      | shift-list-component             |   4.93 kB |                        
chunk-VRLEELOB.mjs      | assets-list-component            |   4.89 kB |                        
chunk-7LMPN2QC.mjs      | department-list-component        |   4.75 kB |                        
chunk-6WU6BL4O.mjs      | -                                |   4.71 kB |                        
...and 21 more lazy chunks files. Use "--verbose" to show all the files.

Prerendered 26 static routes.
Output location: D:\.Learning\HRSystem\hr-system\dist\hr-system

Application bundle generation complete. [97.164 seconds]

▲ [WARNING] bundle initial exceeded maximum budget. Budget 1.50 MB was not met by 1.32 kB with a total of 1.50 MB.


▲ [WARNING] Module 'file-saver' used by 'src/app/features/payroll/payroll-page/payroll-page.component.ts' is not ESM

  CommonJS or AMD dependencies can cause optimization bailouts.
  For more information see: https://angular.io/guide/build#configuring-commonjs-dependencies


▲ [WARNING] 1 rules skipped due to selector errors:
  .form-floating>~label -> Did not expect successive traversals.


